This is pdfTeX, Version 3.141592653-2.6-1.40.28 (MiKTeX 25.12) (preloaded format=pdflatex 2026.3.29)  27 AUG 2026 20:23
entering extended mode
 restricted \write18 enabled.
 file:line:error style messages enabled.
 %&-line parsing enabled.
**c:/Code/Analise-vibracao-paper/main.tex
(c:/Code/Analise-vibracao-paper/main.tex
LaTeX2e <2025-11-01>
L3 programming layer <2025-12-24>
(IEEEtran.cls
Document Class: IEEEtran 2015/08/26 V1.8b by Michael Shell
-- See the "IEEEtran_HOWTO" manual for usage information.
-- http://www.michaelshell.org/tex/ieeetran/
\@IEEEtrantmpdimenA=\dimen148
\@IEEEtrantmpdimenB=\dimen149
\@IEEEtrantmpdimenC=\dimen150
\@IEEEtrantmpcountA=\count275
\@IEEEtrantmpcountB=\count276
\@IEEEtrantmpcountC=\count277
\@IEEEtrantmptoksA=\toks17
LaTeX Font Info:    Trying to load font information for OT1+ptm on input line 5
03.
(C:\Users\gabri\AppData\Local\Programs\MiKTeX\tex/latex/psnfss\ot1ptm.fd
File: ot1ptm.fd 2001/06/04 font definitions for OT1/ptm.
)
-- Using 8.5in x 11in (letter) paper.
-- Using PDF output.
\@IEEEnormalsizeunitybaselineskip=\dimen151
-- This is a 10 point document.
LaTeX Encoding Info:    Redeclaring text command \textunderscore (encoding ?) o
n input line 937.
\CLASSINFOnormalsizebaselineskip=\dimen152
\CLASSINFOnormalsizeunitybaselineskip=\dimen153
\IEEEnormaljot=\dimen154
LaTeX Font Info:    Font shape `OT1/ptm/bx/n' in size <5> not available
(Font)              Font shape `OT1/ptm/b/n' tried instead on input line 1090.
LaTeX Font Info:    Font shape `OT1/ptm/bx/it' in size <5> not available
(Font)              Font shape `OT1/ptm/b/it' tried instead on input line 1090.

LaTeX Font Info:    Font shape `OT1/ptm/bx/n' in size <7> not available
(Font)              Font shape `OT1/ptm/b/n' tried instead on input line 1090.
LaTeX Font Info:    Font shape `OT1/ptm/bx/it' in size <7> not available
(Font)              Font shape `OT1/ptm/b/it' tried instead on input line 1090.

LaTeX Font Info:    Font shape `OT1/ptm/bx/n' in size <8> not available
(Font)              Font shape `OT1/ptm/b/n' tried instead on input line 1090.
LaTeX Font Info:    Font shape `OT1/ptm/bx/it' in size <8> not available
(Font)              Font shape `OT1/ptm/b/it' tried instead on input line 1090.

LaTeX Font Info:    Font shape `OT1/ptm/bx/n' in size <9> not available
(Font)              Font shape `OT1/ptm/b/n' tried instead on input line 1090.
LaTeX Font Info:    Font shape `OT1/ptm/bx/it' in size <9> not available
(Font)              Font shape `OT1/ptm/b/it' tried instead on input line 1090.

LaTeX Font Info:    Font shape `OT1/ptm/bx/n' in size <10> not available
(Font)              Font shape `OT1/ptm/b/n' tried instead on input line 1090.
LaTeX Font Info:    Font shape `OT1/ptm/bx/it' in size <10> not available
(Font)              Font shape `OT1/ptm/b/it' tried instead on input line 1090.

LaTeX Font Info:    Font shape `OT1/ptm/bx/n' in size <11> not available
(Font)              Font shape `OT1/ptm/b/n' tried instead on input line 1090.
LaTeX Font Info:    Font shape `OT1/ptm/bx/it' in size <11> not available
(Font)              Font shape `OT1/ptm/b/it' tried instead on input line 1090.

LaTeX Font Info:    Font shape `OT1/ptm/bx/n' in size <12> not available
(Font)              Font shape `OT1/ptm/b/n' tried instead on input line 1090.
LaTeX Font Info:    Font shape `OT1/ptm/bx/it' in size <12> not available
(Font)              Font shape `OT1/ptm/b/it' tried instead on input line 1090.

LaTeX Font Info:    Font shape `OT1/ptm/bx/n' in size <17> not available
(Font)              Font shape `OT1/ptm/b/n' tried instead on input line 1090.
LaTeX Font Info:    Font shape `OT1/ptm/bx/it' in size <17> not available
(Font)              Font shape `OT1/ptm/b/it' tried instead on input line 1090.

LaTeX Font Info:    Font shape `OT1/ptm/bx/n' in size <20> not available
(Font)              Font shape `OT1/ptm/b/n' tried instead on input line 1090.
LaTeX Font Info:    Font shape `OT1/ptm/bx/it' in size <20> not available
(Font)              Font shape `OT1/ptm/b/it' tried instead on input line 1090.

LaTeX Font Info:    Font shape `OT1/ptm/bx/n' in size <24> not available
(Font)              Font shape `OT1/ptm/b/n' tried instead on input line 1090.
LaTeX Font Info:    Font shape `OT1/ptm/bx/it' in size <24> not available
(Font)              Font shape `OT1/ptm/b/it' tried instead on input line 1090.

\IEEEquantizedlength=\dimen155
\IEEEquantizedlengthdiff=\dimen156
\IEEEquantizedtextheightdiff=\dimen157
\IEEEilabelindentA=\dimen158
\IEEEilabelindentB=\dimen159
\IEEEilabelindent=\dimen160
\IEEEelabelindent=\dimen161
\IEEEdlabelindent=\dimen162
\IEEElabelindent=\dimen163
\IEEEiednormlabelsep=\dimen164
\IEEEiedmathlabelsep=\dimen165
\IEEEiedtopsep=\skip49
\c@section=\count278
\c@subsection=\count279
\c@subsubsection=\count280
\c@paragraph=\count281
\c@IEEEsubequation=\count282
\abovecaptionskip=\skip50
\belowcaptionskip=\skip51
\c@figure=\count283
\c@table=\count284
\@IEEEeqnnumcols=\count285
\@IEEEeqncolcnt=\count286
\@IEEEsubeqnnumrollback=\count287
\@IEEEquantizeheightA=\dimen166
\@IEEEquantizeheightB=\dimen167
\@IEEEquantizeheightC=\dimen168
\@IEEEquantizeprevdepth=\dimen169
\@IEEEquantizemultiple=\count288
\@IEEEquantizeboxA=\box53
\@IEEEtmpitemindent=\dimen170
\IEEEPARstartletwidth=\dimen171
\c@IEEEbiography=\count289
\@IEEEtranrubishbin=\box54
)
** ATTENTION: Overriding command lockouts (line 3).
(C:\Users\gabri\AppData\Local\Programs\MiKTeX\tex/latex/cite\cite.sty
LaTeX Info: Redefining \cite on input line 302.
LaTeX Info: Redefining \nocite on input line 332.
Package: cite 2015/02/27  v 5.5
)
(C:\Users\gabri\AppData\Local\Programs\MiKTeX\tex/latex/amsmath\amsmath.sty
Package: amsmath 2025/07/09 v2.17z AMS math features
\@mathmargin=\skip52

For additional information on amsmath, use the `?' option.
(C:\Users\gabri\AppData\Local\Programs\MiKTeX\tex/latex/amsmath\amstext.sty
Package: amstext 2024/11/17 v2.01 AMS text

(C:\Users\gabri\AppData\Local\Programs\MiKTeX\tex/latex/amsmath\amsgen.sty
File: amsgen.sty 1999/11/30 v2.0 generic functions
\@emptytoks=\toks18
\ex@=\dimen172
))
(C:\Users\gabri\AppData\Local\Programs\MiKTeX\tex/latex/amsmath\amsbsy.sty
Package: amsbsy 1999/11/29 v1.2d Bold Symbols
\pmbraise@=\dimen173
)
(C:\Users\gabri\AppData\Local\Programs\MiKTeX\tex/latex/amsmath\amsopn.sty
Package: amsopn 2022/04/08 v2.04 operator names
)
\inf@bad=\count290
LaTeX Info: Redefining \frac on input line 233.
\uproot@=\count291
\leftroot@=\count292
LaTeX Info: Redefining \overline on input line 398.
LaTeX Info: Redefining \colon on input line 409.
\classnum@=\count293
\DOTSCASE@=\count294
LaTeX Info: Redefining \ldots on input line 495.
LaTeX Info: Redefining \dots on input line 498.
LaTeX Info: Redefining \cdots on input line 619.
\Mathstrutbox@=\box55
\strutbox@=\box56
LaTeX Info: Redefining \big on input line 721.
LaTeX Info: Redefining \Big on input line 722.
LaTeX Info: Redefining \bigg on input line 723.
LaTeX Info: Redefining \Bigg on input line 724.
\big@size=\dimen174
LaTeX Font Info:    Redeclaring font encoding OML on input line 742.
LaTeX Font Info:    Redeclaring font encoding OMS on input line 743.
\macc@depth=\count295
LaTeX Info: Redefining \bmod on input line 904.
LaTeX Info: Redefining \pmod on input line 909.
LaTeX Info: Redefining \smash on input line 939.
LaTeX Info: Redefining \relbar on input line 969.
LaTeX Info: Redefining \Relbar on input line 970.
\c@MaxMatrixCols=\count296
\dotsspace@=\muskip17
\c@parentequation=\count297
\dspbrk@lvl=\count298
\tag@help=\toks19
\row@=\count299
\column@=\count300
\maxfields@=\count301
\andhelp@=\toks20
\eqnshift@=\dimen175
\alignsep@=\dimen176
\tagshift@=\dimen177
\tagwidth@=\dimen178
\totwidth@=\dimen179
\lineht@=\dimen180
\@envbody=\toks21
\multlinegap=\skip53
\multlinetaggap=\skip54
\mathdisplay@stack=\toks22
LaTeX Info: Redefining \[ on input line 2950.
LaTeX Info: Redefining \] on input line 2951.
)
(C:\Users\gabri\AppData\Local\Programs\MiKTeX\tex/latex/amsfonts\amssymb.sty
Package: amssymb 2013/01/14 v3.01 AMS font symbols

(C:\Users\gabri\AppData\Local\Programs\MiKTeX\tex/latex/amsfonts\amsfonts.sty
Package: amsfonts 2013/01/14 v3.01 Basic AMSFonts support
\symAMSa=\mathgroup4
\symAMSb=\mathgroup5
LaTeX Font Info:    Redeclaring math symbol \hbar on input line 98.
LaTeX Font Info:    Overwriting math alphabet `\mathfrak' in version `bold'
(Font)                  U/euf/m/n --> U/euf/b/n on input line 106.
))
(C:\Users\gabri\AppData\Local\Programs\MiKTeX\tex/latex/algorithms\algorithmic.
sty
Package: algorithmic 2009/08/24 v0.1 Document Style `algorithmic'
 (C:\Users\gabri\AppData\Local\Programs\MiKTeX\tex/latex/base\ifthen.sty
Package: ifthen 2024/03/16 v1.1e Standard LaTeX ifthen package (DPC)
)
(C:\Users\gabri\AppData\Local\Programs\MiKTeX\tex/latex/graphics\keyval.sty
Package: keyval 2022/05/29 v1.15 key=value parser (DPC)
\KV@toks@=\toks23
)
\c@ALC@unique=\count302
\c@ALC@line=\count303
\c@ALC@rem=\count304
\c@ALC@depth=\count305
\ALC@tlm=\skip55
\algorithmicindent=\skip56
)
(C:\Users\gabri\AppData\Local\Programs\MiKTeX\tex/latex/graphics\graphicx.sty
Package: graphicx 2024/12/31 v1.2e Enhanced LaTeX Graphics (DPC,SPQR)

(C:\Users\gabri\AppData\Local\Programs\MiKTeX\tex/latex/graphics\graphics.sty
Package: graphics 2024/08/06 v1.4g Standard LaTeX Graphics (DPC,SPQR)

(C:\Users\gabri\AppData\Local\Programs\MiKTeX\tex/latex/graphics\trig.sty
Package: trig 2023/12/02 v1.11 sin cos tan (DPC)
)
(C:\Users\gabri\AppData\Local\Programs\MiKTeX\tex/latex/graphics-cfg\graphics.c
fg
File: graphics.cfg 2016/06/04 v1.11 sample graphics configuration
)
Package graphics Info: Driver file: pdftex.def on input line 106.

(C:\Users\gabri\AppData\Local\Programs\MiKTeX\tex/latex/graphics-def\pdftex.def
File: pdftex.def 2025/09/29 v1.2d Graphics/color driver for pdftex
))
\Gin@req@height=\dimen181
\Gin@req@width=\dimen182
) (C:\Users\gabri\AppData\Local\Programs\MiKTeX\tex/latex/base\textcomp.sty
Package: textcomp 2024/04/24 v2.1b Standard LaTeX package
)
(C:\Users\gabri\AppData\Local\Programs\MiKTeX\tex/latex/float\float.sty
Package: float 2001/11/08 v1.3d Float enhancements (AL)
\c@float@type=\count306
\float@exts=\toks24
\float@box=\box57
\@float@everytoks=\toks25
\@floatcapt=\box58
)
(C:\Users\gabri\AppData\Local\Programs\MiKTeX\tex/latex/xcolor\xcolor.sty
Package: xcolor 2024/09/29 v3.02 LaTeX color extensions (UK)

(C:\Users\gabri\AppData\Local\Programs\MiKTeX\tex/latex/graphics-cfg\color.cfg
File: color.cfg 2016/01/02 v1.6 sample color configuration
)
Package xcolor Info: Driver file: pdftex.def on input line 274.
(C:\Users\gabri\AppData\Local\Programs\MiKTeX\tex/latex/graphics\mathcolor.ltx)
Package xcolor Info: Model `cmy' substituted by `cmy0' on input line 1349.
Package xcolor Info: Model `hsb' substituted by `rgb' on input line 1353.
Package xcolor Info: Model `RGB' extended on input line 1365.
Package xcolor Info: Model `HTML' substituted by `rgb' on input line 1367.
Package xcolor Info: Model `Hsb' substituted by `hsb' on input line 1368.
Package xcolor Info: Model `tHsb' substituted by `hsb' on input line 1369.
Package xcolor Info: Model `HSB' substituted by `hsb' on input line 1370.
Package xcolor Info: Model `Gray' substituted by `gray' on input line 1371.
Package xcolor Info: Model `wave' substituted by `hsb' on input line 1372.
) (C:\Users\gabri\AppData\Local\Programs\MiKTeX\tex/latex/colortbl\colortbl.sty
Package: colortbl 2024/10/29 v1.0k Color table columns (DPC)
(C:\Users\gabri\AppData\Local\Programs\MiKTeX\tex/latex/tools\array.sty
Package: array 2025/09/25 v2.6n Tabular extension package (FMi)
\col@sep=\dimen183
\ar@mcellbox=\box59
\extrarowheight=\dimen184
\NC@list=\toks26
\extratabsurround=\skip57
\backup@length=\skip58
\ar@cellbox=\box60
)
\everycr=\toks27
\minrowclearance=\skip59
\rownum=\count307
)
(C:\Users\gabri\AppData\Local\Programs\MiKTeX\tex/latex/booktabs\booktabs.sty
Package: booktabs 2020/01/12 v1.61803398 Publication quality tables
\heavyrulewidth=\dimen185
\lightrulewidth=\dimen186
\cmidrulewidth=\dimen187
\belowrulesep=\dimen188
\belowbottomsep=\dimen189
\aboverulesep=\dimen190
\abovetopsep=\dimen191
\cmidrulesep=\dimen192
\cmidrulekern=\dimen193
\defaultaddspace=\dimen194
\@cmidla=\count308
\@cmidlb=\count309
\@aboverulesep=\dimen195
\@belowrulesep=\dimen196
\@thisruleclass=\count310
\@lastruleclass=\count311
\@thisrulewidth=\dimen197
)
(C:\Users\gabri\AppData\Local\Programs\MiKTeX\tex/latex/tools\tabularx.sty
Package: tabularx 2023/12/11 v2.12a `tabularx' package (DPC)
\TX@col@width=\dimen198
\TX@old@table=\dimen199
\TX@old@col=\dimen256
\TX@target=\dimen257
\TX@delta=\dimen258
\TX@cols=\count312
\TX@ftn=\toks28
)
(C:\Users\gabri\AppData\Local\Programs\MiKTeX\tex/latex/l3backend\l3backend-pdf
tex.def
File: l3backend-pdftex.def 2025-10-09 L3 backend support: PDF output (pdfTeX)
\l__color_backend_stack_int=\count313
) (main.aux)
\openout1 = `main.aux'.

LaTeX Font Info:    Checking defaults for OML/cmm/m/it on input line 20.
LaTeX Font Info:    ... okay on input line 20.
LaTeX Font Info:    Checking defaults for OMS/cmsy/m/n on input line 20.
LaTeX Font Info:    ... okay on input line 20.
LaTeX Font Info:    Checking defaults for OT1/cmr/m/n on input line 20.
LaTeX Font Info:    ... okay on input line 20.
LaTeX Font Info:    Checking defaults for T1/cmr/m/n on input line 20.
LaTeX Font Info:    ... okay on input line 20.
LaTeX Font Info:    Checking defaults for TS1/cmr/m/n on input line 20.
LaTeX Font Info:    ... okay on input line 20.
LaTeX Font Info:    Checking defaults for OMX/cmex/m/n on input line 20.
LaTeX Font Info:    ... okay on input line 20.
LaTeX Font Info:    Checking defaults for U/cmr/m/n on input line 20.
LaTeX Font Info:    ... okay on input line 20.

-- Lines per column: 56 (exact).

(C:\Users\gabri\AppData\Local\Programs\MiKTeX\tex/context/base/mkii\supp-pdf.mk
ii
[Loading MPS to PDF converter (version 2006.09.02).]
\scratchcounter=\count314
\scratchdimen=\dimen259
\scratchbox=\box61
\nofMPsegments=\count315
\nofMParguments=\count316
\everyMPshowfont=\toks29
\MPscratchCnt=\count317
\MPscratchDim=\dimen260
\MPnumerator=\count318
\makeMPintoPDFobject=\count319
\everyMPtoPDFconversion=\toks30
)
(C:\Users\gabri\AppData\Local\Programs\MiKTeX\tex/latex/epstopdf-pkg\epstopdf-b
ase.sty
Package: epstopdf-base 2020-01-24 v2.11 Base part for package epstopdf
Package epstopdf-base Info: Redefining graphics rule for `.eps' on input line 4
85.

(C:\Users\gabri\AppData\Local\Programs\MiKTeX\tex/latex/00miktex\epstopdf-sys.c
fg
File: epstopdf-sys.cfg 2021/03/18 v2.0 Configuration of epstopdf for MiKTeX
))
LaTeX Font Info:    Trying to load font information for U+msa on input line 40.

 (C:\Users\gabri\AppData\Local\Programs\MiKTeX\tex/latex/amsfonts\umsa.fd
File: umsa.fd 2013/01/14 v3.01 AMS symbols A
)
LaTeX Font Info:    Trying to load font information for U+msb on input line 40.


(C:\Users\gabri\AppData\Local\Programs\MiKTeX\tex/latex/amsfonts\umsb.fd
File: umsb.fd 2013/01/14 v3.01 AMS symbols B
)
LaTeX Font Info:    Calculating math sizes for size <11> on input line 40.

[1{C:/Users/gabri/AppData/Local/MiKTeX/fonts/map/pdftex/pdftex.map}{C:/Users/ga
bri/AppData/Local/Programs/MiKTeX/fonts/enc/dvips/base/8r.enc}


]

pdfTeX warning: pdflatex (file ./Figuras/diagrama.pdf): PDF inclusion: found PD
F version <1.7>, but at most version <1.5> allowed
<Figuras/diagrama.pdf, id=9, 317.98799pt x 893.43785pt>
File: Figuras/diagrama.pdf Graphic file (type pdf)
<use Figuras/diagrama.pdf>
Package pdftex.def Info: Figuras/diagrama.pdf  used on input line 90.
(pdftex.def)             Requested size: 201.60077pt x 566.42697pt.

Underfull \hbox (badness 1852) in paragraph at lines 95--96
[]\OT1/ptm/m/n/10 Entre as difer-entes grandezas uti-lizadas no mon-i-tora-
 []


Underfull \hbox (badness 1735) in paragraph at lines 99--100
\OT1/ptm/m/n/10 cilat[]orio de um sis-tema em torno de uma posi[][]ao de
 []


Underfull \hbox (badness 1603) in paragraph at lines 101--102
[]\OT1/ptm/m/n/10 Cada com-po-nente do sinal pode ap-re-sen-tar difer-entes
 []


Underfull \vbox (badness 2111) has occurred while \output is active []

 [2 <./Figuras/diagrama.pdf>]
Overfull \hbox (4.47707pt too wide) in paragraph at lines 159--159
 []|\OT1/ptm/m/n/9 Aceit[]avel| 
 []


Overfull \hbox (4.47707pt too wide) in paragraph at lines 167--167
 []|\OT1/ptm/m/n/9 Aceit[]avel| 
 []


Overfull \hbox (4.47707pt too wide) in paragraph at lines 175--175
 []|\OT1/ptm/m/n/9 Aceit[]avel| 
 []


Overfull \hbox (4.47707pt too wide) in paragraph at lines 183--184
 []|\OT1/ptm/m/n/9 Aceit[]avel| 
 []


Overfull \hbox (2.0528pt too wide) in paragraph at lines 127--222
 [][] 
 []


Underfull \vbox (badness 2213) has occurred while \output is active []


Underfull \hbox (badness 1533) in paragraph at lines 296--297
[]\OT1/ptm/m/n/10 Outra t[]ecnica com-ple-men-tar em-pre-gada na an[]alise de
 []

[3]
<Figuras/prot_01.png, id=63, 243.15843pt x 285.31593pt>
File: Figuras/prot_01.png Graphic file (type png)
<use Figuras/prot_01.png>
Package pdftex.def Info: Figuras/prot_01.png  used on input line 341.
(pdftex.def)             Requested size: 126.0pt x 147.8427pt.
<Figuras/proto_03.png, id=64, 243.15843pt x 285.31593pt>
File: Figuras/proto_03.png Graphic file (type png)
<use Figuras/proto_03.png>
Package pdftex.def Info: Figuras/proto_03.png  used on input line 350.
(pdftex.def)             Requested size: 126.0pt x 147.8427pt.

Underfull \hbox (badness 3460) in paragraph at lines 357--358
[]\OT1/ptm/m/n/10 O custo aprox-i-mado dos com-po-nentes uti-liza-dos no
 []

LaTeX Font Info:    Trying to load font information for TS1+ptm on input line 3
70.
(C:\Users\gabri\AppData\Local\Programs\MiKTeX\tex/latex/psnfss\ts1ptm.fd
File: ts1ptm.fd 2001/06/04 font definitions for TS1/ptm.
)
[4 <./Figuras/prot_01.png>]
Underfull \hbox (badness 2285) in paragraph at lines 397--398
[]\OT1/ptm/m/n/10 O sis-tema pro-posto foi de-sen-volvido para re-alizar a
 []


Underfull \hbox (badness 1681) in paragraph at lines 399--400
[]\OT1/ptm/m/n/10 No modo \OT1/ptm/m/it/10 on-line\OT1/ptm/m/n/10 , tamb[]em de
-nom-i-nado mon-i-tora-mento
 []


LaTeX Warning: Reference `quadro:niveis_severidade' on page 5 undefined on inpu
t line 405.

[5 <./Figuras/proto_03.png>]

LaTeX Warning: Reference `quadro:niveis_severidade' on page 6 undefined on inpu
t line 411.

<Figuras/supervisorioMain.png, id=74, 1012.5328pt x 536.75531pt>
File: Figuras/supervisorioMain.png Graphic file (type png)
<use Figuras/supervisorioMain.png>
Package pdftex.def Info: Figuras/supervisorioMain.png  used on input line 439.
(pdftex.def)             Requested size: 252.0pt x 133.58241pt.
<Figuras/motoTeste.png, id=75, 262.73157pt x 338.76563pt>
File: Figuras/motoTeste.png Graphic file (type png)
<use Figuras/motoTeste.png>
Package pdftex.def Info: Figuras/motoTeste.png  used on input line 460.
(pdftex.def)             Requested size: 126.0pt x 162.46608pt.
<Figuras/sensor_fix.jpg, id=76, 1606.0pt x 1204.5pt>
File: Figuras/sensor_fix.jpg Graphic file (type jpg)
<use Figuras/sensor_fix.jpg>
Package pdftex.def Info: Figuras/sensor_fix.jpg  used on input line 471.
(pdftex.def)             Requested size: 239.39923pt x 179.54607pt.
[6 <./Figuras/supervisorioMain.png>]
<Figuras/normal_velocidade_30.png, id=81, 800.9925pt x 447.92343pt>
File: Figuras/normal_velocidade_30.png Graphic file (type png)
<use Figuras/normal_velocidade_30.png>
Package pdftex.def Info: Figuras/normal_velocidade_30.png  used on input line 4
88.
(pdftex.def)             Requested size: 239.39923pt x 133.87228pt.
<Figuras/normal_aceleracao_30.png, id=82, 807.015pt x 442.65375pt>
File: Figuras/normal_aceleracao_30.png Graphic file (type png)
<use Figuras/normal_aceleracao_30.png>
Package pdftex.def Info: Figuras/normal_aceleracao_30.png  used on input line 4
98.
(pdftex.def)             Requested size: 239.39923pt x 131.31119pt.
<Figuras/normal_velocidade_fft_30.png, id=83, 801.74532pt x 436.63126pt>
File: Figuras/normal_velocidade_fft_30.png Graphic file (type png)
<use Figuras/normal_velocidade_fft_30.png>
Package pdftex.def Info: Figuras/normal_velocidade_fft_30.png  used on input li
ne 510.
(pdftex.def)             Requested size: 239.39923pt x 130.37744pt.
<Figuras/normal_aceleraca_fft_30.png, id=84, 804.00375pt x 449.42906pt>
File: Figuras/normal_aceleraca_fft_30.png Graphic file (type png)
<use Figuras/normal_aceleraca_fft_30.png>
Package pdftex.def Info: Figuras/normal_aceleraca_fft_30.png  used on input lin
e 522.
(pdftex.def)             Requested size: 239.39923pt x 133.82166pt.
 [7 <./Figuras/motoTeste.png> <./Figuras/sensor_fix.jpg> <./Figuras/normal_velo
cidade_30.png> <./Figuras/normal_aceleracao_30.png> <./Figuras/normal_velocidad
e_fft_30.png>]
<Figuras/normal_hilbert_fft_30.png, id=93, 804.75656pt x 438.8897pt>
File: Figuras/normal_hilbert_fft_30.png Graphic file (type png)
<use Figuras/normal_hilbert_fft_30.png>
Package pdftex.def Info: Figuras/normal_hilbert_fft_30.png  used on input line 
536.
(pdftex.def)             Requested size: 239.39923pt x 130.55623pt.
<Figuras/normal_wavelet_aceleracao_30.png, id=94, 807.015pt x 439.6425pt>
File: Figuras/normal_wavelet_aceleracao_30.png Graphic file (type png)
<use Figuras/normal_wavelet_aceleracao_30.png>
Package pdftex.def Info: Figuras/normal_wavelet_aceleracao_30.png  used on inpu
t line 550.
(pdftex.def)             Requested size: 239.39923pt x 130.41791pt.
<Figuras/desba_chave.jpg, id=95, 1606.0pt x 1204.5pt>
File: Figuras/desba_chave.jpg Graphic file (type jpg)
<use Figuras/desba_chave.jpg>
Package pdftex.def Info: Figuras/desba_chave.jpg  used on input line 564.
(pdftex.def)             Requested size: 126.0pt x 94.48729pt.
<Figuras/desbalanceamento_desb_vel_30.png, id=96, 816.80156pt x 453.19313pt>
File: Figuras/desbalanceamento_desb_vel_30.png Graphic file (type png)
<use Figuras/desbalanceamento_desb_vel_30.png>
Package pdftex.def Info: Figuras/desbalanceamento_desb_vel_30.png  used on inpu
t line 574.
(pdftex.def)             Requested size: 239.39923pt x 132.82642pt.
 [8 <./Figuras/normal_aceleraca_fft_30.png> <./Figuras/normal_hilbert_fft_30.pn
g> <./Figuras/normal_wavelet_aceleracao_30.png> <./Figuras/desba_chave.jpg>]
<Figuras/desbalanceamento_desb_fft_30.png, id=103, 806.26219pt x 467.49657pt>
File: Figuras/desbalanceamento_desb_fft_30.png Graphic file (type png)
<use Figuras/desbalanceamento_desb_fft_30.png>
Package pdftex.def Info: Figuras/desbalanceamento_desb_fft_30.png  used on inpu
t line 600.
(pdftex.def)             Requested size: 239.39923pt x 138.8091pt.

Underfull \hbox (badness 2088) in paragraph at lines 606--607
\OT1/ptm/m/n/10 harm[]onicas iden-ti-fi-cadas an-te-ri-or-mente na condi[][]ao 
sem
 []

<Figuras/fft_acel_30_desbalanceamento.png, id=104, 803.25093pt x 325.96782pt>
File: Figuras/fft_acel_30_desbalanceamento.png Graphic file (type png)
<use Figuras/fft_acel_30_desbalanceamento.png>
Package pdftex.def Info: Figuras/fft_acel_30_desbalanceamento.png  used on inpu
t line 610.
(pdftex.def)             Requested size: 239.39923pt x 97.14946pt.
<Figuras/desbalanceamento_hilbertFFT_30.png, id=105, 804.75656pt x 444.91219pt>

File: Figuras/desbalanceamento_hilbertFFT_30.png Graphic file (type png)
<use Figuras/desbalanceamento_hilbertFFT_30.png>
Package pdftex.def Info: Figuras/desbalanceamento_hilbertFFT_30.png  used on in
put line 620.
(pdftex.def)             Requested size: 239.39923pt x 132.34773pt.
<Figuras/desbalanceamento_wavelet_30.png, id=106, 806.26219pt x 443.40656pt>
File: Figuras/desbalanceamento_wavelet_30.png Graphic file (type png)
<use Figuras/desbalanceamento_wavelet_30.png>
Package pdftex.def Info: Figuras/desbalanceamento_wavelet_30.png  used on input
 line 630.
(pdftex.def)             Requested size: 239.39923pt x 131.6563pt.

Underfull \hbox (badness 2277) in paragraph at lines 636--637
\OT1/ptm/m/n/10 demon-strando a ca-paci-dade do prot[]otipo de de-tec-tar a
 []

[9 <./Figuras/desbalanceamento_desb_vel_30.png> <./Figuras/desbalanceamento_des
b_fft_30.png> <./Figuras/fft_acel_30_desbalanceamento.png> <./Figuras/desbalanc
eamento_hilbertFFT_30.png> <./Figuras/desbalanceamento_wavelet_30.png>]
<Figuras/desbalanceamentoalarmes.png, id=115, 486.31688pt x 246.9225pt>
File: Figuras/desbalanceamentoalarmes.png Graphic file (type png)
<use Figuras/desbalanceamentoalarmes.png>
Package pdftex.def Info: Figuras/desbalanceamentoalarmes.png  used on input lin
e 640.
(pdftex.def)             Requested size: 239.39923pt x 121.55069pt.

Underfull \hbox (badness 1810) in paragraph at lines 648--649
\OT1/ptm/m/n/10 de folga mec[]anica. De-v-ido []a na-tureza tran-sit[]oria dess
e
 []

<Figuras/impacto_vel.png, id=116, 800.23969pt x 441.14813pt>
File: Figuras/impacto_vel.png Graphic file (type png)
<use Figuras/impacto_vel.png>
Package pdftex.def Info: Figuras/impacto_vel.png  used on input line 654.
(pdftex.def)             Requested size: 239.39923pt x 131.96849pt.
<Figuras/impacto_vel_fft.png, id=117, 806.26219pt x 444.15938pt>
File: Figuras/impacto_vel_fft.png Graphic file (type png)
<use Figuras/impacto_vel_fft.png>
Package pdftex.def Info: Figuras/impacto_vel_fft.png  used on input line 664.
(pdftex.def)             Requested size: 239.39923pt x 131.8798pt.
<Figuras/impacto_acel_wavelet.png, id=118, 617.30624pt x 271.0125pt>
File: Figuras/impacto_acel_wavelet.png Graphic file (type png)
<use Figuras/impacto_acel_wavelet.png>
Package pdftex.def Info: Figuras/impacto_acel_wavelet.png  used on input line 6
74.
(pdftex.def)             Requested size: 239.39923pt x 105.10309pt.
<Figuras/alarmes_impacto.png, id=119, 486.31688pt x 246.9225pt>
File: Figuras/alarmes_impacto.png Graphic file (type png)
<use Figuras/alarmes_impacto.png>
Package pdftex.def Info: Figuras/alarmes_impacto.png  used on input line 684.
(pdftex.def)             Requested size: 239.39923pt x 121.55069pt.
(main.bbl [10 <./Figuras/desbalanceamentoalarmes.png> <./Figuras/impacto_vel.pn
g> <./Figuras/impacto_vel_fft.png> <./Figuras/impacto_acel_wavelet.png> <./Figu
ras/alarmes_impacto.png>]
Underfull \hbox (badness 3407) in paragraph at lines 35--39
[]\OT1/ptm/m/n/8 R. B. Ran-dall, \OT1/ptm/m/it/8 Vibration-based Con-di-tion Mo
n-i-tor-ing: In-dus-trial,
 []

)

** Conference Paper **
Before submitting the final camera ready copy, remember to:

 1. Manually equalize the lengths of two columns on the last page
 of your paper;

 2. Ensure that any PostScript and/or PDF output post-processing
 uses only Type 1 fonts and that every step in the generation
 process uses the appropriate paper size.

[11

] (main.aux)
 ***********
LaTeX2e <2025-11-01>
L3 programming layer <2025-12-24>
 ***********


LaTeX Warning: There were undefined references.

 ) 
Here is how much of TeX's memory you used:
 4858 strings out of 467871
 80250 string characters out of 5418376
 532176 words of memory out of 5000000
 33667 multiletter control sequences out of 15000+600000
 677529 words of font info for 139 fonts, out of 8000000 for 9000
 1141 hyphenation exceptions out of 8191
 57i,16n,83p,1427b,359s stack positions out of 10000i,1000n,20000p,200000b,200000s
<C:/Users/gabri/AppData/Local/Programs/MiKTeX/fonts/type1/public/amsfonts/cm/
cmex10.pfb><C:/Users/gabri/AppData/Local/Programs/MiKTeX/fonts/type1/public/ams
fonts/cm/cmmi10.pfb><C:/Users/gabri/AppData/Local/Programs/MiKTeX/fonts/type1/p
ublic/amsfonts/cm/cmmi7.pfb><C:/Users/gabri/AppData/Local/Programs/MiKTeX/fonts
/type1/public/amsfonts/cm/cmmi9.pfb><C:/Users/gabri/AppData/Local/Programs/MiKT
eX/fonts/type1/public/amsfonts/cm/cmr10.pfb><C:/Users/gabri/AppData/Local/Progr
ams/MiKTeX/fonts/type1/public/amsfonts/cm/cmr5.pfb><C:/Users/gabri/AppData/Loca
l/Programs/MiKTeX/fonts/type1/public/amsfonts/cm/cmr7.pfb><C:/Users/gabri/AppDa
ta/Local/Programs/MiKTeX/fonts/type1/public/amsfonts/cm/cmsy10.pfb><C:/Users/ga
bri/AppData/Local/Programs/MiKTeX/fonts/type1/public/amsfonts/cm/cmsy7.pfb><C:/
Users/gabri/AppData/Local/Programs/MiKTeX/fonts/type1/urw/times/utmb8a.pfb><C:/
Users/gabri/AppData/Local/Programs/MiKTeX/fonts/type1/urw/times/utmbi8a.pfb><C:
/Users/gabri/AppData/Local/Programs/MiKTeX/fonts/type1/urw/times/utmr8a.pfb><C:
/Users/gabri/AppData/Local/Programs/MiKTeX/fonts/type1/urw/times/utmri8a.pfb>
Output written on main.pdf (11 pages, 1405803 bytes).
PDF statistics:
 186 PDF objects out of 1000 (max. 8388607)
 0 named destinations out of 1000 (max. 500000)
 116 words of extra memory for PDF output out of 10000 (max. 10000000)

